[soliloquywp.com/index.html]
[plus.google.com/114044312047618704188.1.delayed]
[soliloquywp.com/xmlrpc.php]
[soliloquywp.com/wp-content/themes/soliloquy-v3/images/favicon.png]
[soliloquywp.com/wp-content/themes/soliloquy-v3/css/bootstrap.min.css]
[netdna.bootstrapcdn.com/font-awesome/4.1.0/css/font-awesome.css]
[backblue.gif]
[fade.gif]
[index.html]
[soliloquywp.com/wp-content/themes/soliloquy-v3/style.css]
[use.typekit.net/hmd7rkb.js]
[soliloquywp.com/wp-content/plugins/easy-digital-downloads/templates/edd.min6c17.css]
[soliloquywp.com/wp-includes/js/jquery/jquery-migrate.min1576.js]
[soliloquywp.com/wp-includes/js/jquery/jquery90f9.js]
[soliloquywp.com/wp-content/plugins/easy-digital-downloads/assets/js/edd-ajax.min6c17.js]
[soliloquywp.com/wp-content/plugins/optin-monster/assets/js/api3c94.js]
[soliloquywp.com/wp-content/plugins/gravityforms/images/spinner.gif]
[soliloquywp.com/wp-content/plugins/soliloquy/assets/css/soliloquy7aa7.css]
[soliloquywp.com/wp-content/uploads/2012/02/photodune-4620820-old-reliable-lock-l-1140x500_c.jpg]
[soliloquywp.com/wp-content/plugins/soliloquy/assets/css/images/holder.gif]
[soliloquywp.com/pricing/index.html]
[soliloquywp.com/wp-content/uploads/2012/02/photodune-4620820-old-reliable-lock-l.jpg]
[soliloquywp.com/wp-content/uploads/2012/02/photodune-481224-golden-retriever-standing-by-legs-of-a-woman-l.jpg]
[soliloquywp.com/addons/index.html]
[soliloquywp.com/wp-content/uploads/2012/02/photodune-4429669-concert-crowd-l.jpg]
[soliloquywp.com/wp-content/themes/soliloquy-v3/images/watchsoliloquy.png]
[soliloquywp.com/wp-content/uploads/2014/04/dynamic.png]
[soliloquywp.com/wp-content/uploads/2014/04/schedule.png]
[soliloquywp.com/wp-content/uploads/2014/04/css.png]
[soliloquywp.com/wp-content/uploads/2013/08/pinterest.png]
[soliloquywp.com/wp-content/uploads/2013/05/thumbnails.png]
[soliloquywp.com/wp-content/uploads/2013/02/themes.png]
[soliloquywp.com/wp-content/uploads/2012/11/instagram.png]
[soliloquywp.com/blog/index.html]
[soliloquywp.com/wp-content/uploads/2012/10/featured-content.png]
[soliloquywp.com/wp-content/uploads/2012/08/carousel.png]
[soliloquywp.com/login/index.html]
[soliloquywp.com/wp-content/uploads/2012/05/lightbox.png]
[soliloquywp.com/wp-content/themes/soliloquy-v3/js/bootstrap.min8a54.js]
[soliloquywp.com/wp-content/themes/soliloquy-v3/js/soliloquy-main8a54.js]
[soliloquywp.com/wp-content/plugins/gravityforms/js/jquery.json-1.3d4c6.js]
[soliloquywp.com/wp-content/plugins/gravityforms/js/jquery.placeholders.2.1.1.mind4c6.js]
[soliloquywp.com/wp-content/plugins/gravityforms/js/gravityformsd4c6.js]
[soliloquywp.com/wp-content/plugins/soliloquy/assets/js/soliloquy7aa7.js]
[www.google-analytics.com/analytics.js]
[soliloquywp.com/index.html]
[gmpg.org/xfn/11.html]
[soliloquywp.com/addons/dynamic/index.html]
[soliloquywp.com/pricing/index.html]
[soliloquywp.com/addons/css/index.html]
[soliloquywp.com/addons/schedule/index.html]
[soliloquywp.com/addons/index.html]
[soliloquywp.com/addons/pinterest/index.html]
[soliloquywp.com/addons/thumbnails/index.html]
[soliloquywp.com/addons/instagram/index.html]
[soliloquywp.com/blog/index.html]
[soliloquywp.com/addons/themes/index.html]
[soliloquywp.com/addons/featured-content/index.html]
[soliloquywp.com/addons/carousel/index.html]
[soliloquywp.com/login/index.html]
[soliloquywp.com/addons/lightbox/index.html]
[soliloquywp.com/checkout/index.html]
[soliloquywp.com/addons/page/2/index.html]
[soliloquywp.com/addons/dynamic/index.html]
[soliloquywp.com/blog/page/2/index.html]
[soliloquywp.com/addons/schedule/index.html]
[soliloquywp.com/category/announcements/index.html]
[soliloquywp.com/emails-license-keys/index.html]
[soliloquywp.com/addons/css/index.html]
[soliloquywp.com/category/tutorials/index.html]
[soliloquywp.com/how-to-import-and-export-wordpress-sliders/index.html]
[soliloquywp.com/create-instagram-wordpress-slider-using-soliloquy/index.html]
[soliloquywp.com/wp-content/plugins/soliloquy-pinterest/images/pinterest-gray.png]
[soliloquywp.com/schedule-wordpress-slider-images-using-soliloquy/index.html]
[soliloquywp.com/wp-content/plugins/soliloquy/themes/classic/style7aa7.css]
[soliloquywp.com/add-theme-wordpress-slider-using-soliloquy/index.html]
[soliloquywp.com/wp-content/uploads/2013/08/restaurant-750x300_c.jpg]
[soliloquywp.com/make-pinterest-wordpress-image-slider-using-soliloquy/index.html]
[soliloquywp.com/wp-content/uploads/2013/08/restaurant-600x200_c.jpg]
[soliloquywp.com/wp-content/uploads/2013/08/kitchen-600x200_c.jpg]
[soliloquywp.com/wp-content/uploads/2013/08/bridge-600x200_c.jpg]
[soliloquywp.com/wp-content/uploads/2013/08/modern-600x200_c.jpg]
[soliloquywp.com/wp-content/uploads/2013/08/idea-600x200_c.jpg]
[soliloquywp.com/wp-content/uploads/2013/08/restaurant.jpg]
[soliloquywp.com/blog/page/3/index.html]
[soliloquywp.com/wp-content/uploads/2013/08/kitchen.jpg]
[soliloquywp.com/blog/page/10/index.html]
[soliloquywp.com/wp-content/uploads/2013/08/bridge.jpg]
[soliloquywp.com/wp-content/uploads/2013/08/modern.jpg]
[soliloquywp.com/affiliates/index.html]
[soliloquywp.com/wp-content/uploads/2013/08/idea.jpg]
[soliloquywp.com/docs/dynamic-addon/index.html]
[soliloquywp.com/addons/pinterest/index.html]
[soliloquywp.com/wp-content/uploads/2013/05/bridge-750x300_c.jpg]
[soliloquywp.com/wp-content/uploads/2013/05/bridge-600x200_c.jpg]
[soliloquywp.com/wp-content/uploads/2013/05/idea-600x200_c.jpg]
[soliloquywp.com/wp-content/uploads/2013/05/kitchen-600x200_c.jpg]
[soliloquywp.com/wp-content/uploads/2013/05/modern-600x200_c.jpg]
[soliloquywp.com/wp-content/uploads/2013/05/restaurant-600x200_c.jpg]
[soliloquywp.com/wp-content/uploads/2013/05/bridge.jpg]
[soliloquywp.com/wp-content/uploads/2013/05/idea.jpg]
[soliloquywp.com/wp-content/uploads/2013/05/kitchen.jpg]
[soliloquywp.com/wp-content/uploads/2013/05/modern.jpg]
[soliloquywp.com/wp-content/uploads/2013/05/restaurant.jpg]
[soliloquywp.com/wp-content/uploads/2013/05/idea-250x125_c.jpg]
[soliloquywp.com/addons/thumbnails/index.html]
[soliloquywp.com/wp-content/plugins/soliloquy-themes/themes/metro/style7aa7.css]
[soliloquywp.com/wp-content/uploads/2013/01/kitchen3-750x300_c.jpg]
[soliloquywp.com/wp-content/uploads/2013/01/kitchen3-600x200_c.jpg]
[soliloquywp.com/wp-content/uploads/2013/01/restaurant3-600x200_c.jpg]
[soliloquywp.com/wp-content/uploads/2013/01/kitchen3.jpg]
[soliloquywp.com/wp-content/uploads/2013/01/restaurant3.jpg]
[soliloquywp.com/addons/themes/index.html]
[soliloquywp.com/addons/instagram/index.html]
[soliloquywp.com/wp-includes/images/smilies/icon_smile.gif]
[soliloquywp.com/addons/featured-content/index.html]
[soliloquywp.com/wp-content/uploads/2013/01/idea2-246x125_c.jpg]
[soliloquywp.com/wp-content/uploads/2013/01/restaurant2-246x125_c.jpg]
[soliloquywp.com/wp-content/uploads/2013/01/kitchen2-246x125_c.jpg]
[soliloquywp.com/wp-content/uploads/2013/01/modern2-246x125_c.jpg]
[soliloquywp.com/wp-content/uploads/2013/01/bridge2-246x125_c.jpg]
[soliloquywp.com/wp-content/uploads/2013/01/idea2.jpg]
[soliloquywp.com/wp-content/uploads/2013/01/restaurant2.jpg]
[soliloquywp.com/wp-content/uploads/2013/01/kitchen2.jpg]
[soliloquywp.com/wp-content/uploads/2013/01/modern2.jpg]
[soliloquywp.com/wp-content/uploads/2013/01/bridge2.jpg]
[soliloquywp.com/addons/carousel/index.html]
[soliloquywp.com/wp-content/uploads/2013/01/kitchen.jpg]
[soliloquywp.com/wp-content/uploads/2013/01/kitchen-75x50_c.jpg]
[soliloquywp.com/wp-content/uploads/2013/01/kitchen-750x300_c.jpg]
[soliloquywp.com/wp-content/uploads/2013/01/kitchen-600x200_c.jpg]
[soliloquywp.com/wp-content/uploads/2013/01/modern.jpg]
[soliloquywp.com/wp-content/uploads/2013/01/modern-75x50_c.jpg]
[soliloquywp.com/wp-content/uploads/2013/01/modern-600x200_c.jpg]
[soliloquywp.com/wp-content/uploads/2013/01/restaurant.jpg]
[soliloquywp.com/wp-content/uploads/2013/01/restaurant-75x50_c.jpg]
[soliloquywp.com/wp-content/uploads/2013/01/restaurant-600x200_c.jpg]
[soliloquywp.com/wp-content/uploads/2013/01/bridge.jpg]
[soliloquywp.com/wp-content/uploads/2013/01/bridge-75x50_c.jpg]
[soliloquywp.com/wp-content/uploads/2013/01/bridge-600x200_c.jpg]
[soliloquywp.com/wp-content/uploads/2013/01/idea.jpg]
[soliloquywp.com/wp-content/uploads/2013/01/idea-75x50_c.jpg]
[soliloquywp.com/wp-content/uploads/2013/01/idea-600x200_c.jpg]
[soliloquywp.com/wp-content/plugins/soliloquy-lightbox/css/lightboxe7f3.css]
[soliloquywp.com/addons/lightbox/index.html]
[gmpg.org/xfn/.html]
[gmpg.org/xfn/intro.html]
[gmpg.org/xfn/faq.html]
[soliloquywp.com/checkout/indexa1bb.html]
[soliloquywp.com/addons/page/2/index.html]
[soliloquywp.com/blog/page/2/index.html]
[soliloquywp.com/wp-content/plugins/soliloquy-lightbox/js/lightboxe7f3.js]
[soliloquywp.com/author/kevinthomasgriffinmedia-com/index.html]
[soliloquywp.com/category/announcements/index.html]
[soliloquywp.com/make-wordpress-slider-autoplay/index.html]
[soliloquywp.com/create-wordpress-carousel-slider-soliloquy/index.html]
[soliloquywp.com/wordpress-slider-thumbnails-using-soliloquy/index.html]
[soliloquywp.com/create-wordpress-slider-widget-soliloquy/index.html]
[soliloquywp.com/category/general/index.html]
[soliloquywp.com/wp-content/plugins/floating-social-bar/images/fsb-sprite.png]
[soliloquywp.com/soliloquy-new-website-wordpress-slider-superiority/index.html]
[soliloquywp.com/instagram-slider-wordpress/index.html]
[soliloquywp.com/blog/page/4/index.html]
[soliloquywp.com/wp-content/plugins/floating-social-bar/js/fsbd279.js]
[soliloquywp.com/category/announcements/page/2/index.html]
[soliloquywp.com/introducing-schedule-addon/index.html]
[soliloquywp.com/best-responsive-wordpress-slider-introducing-soliloquy-version-2/index.html]
[soliloquywp.com/wp-content/plugins/disqus-comment-system/media/js/disqusf9b8.js]
[soliloquywp.com/soliloquy-v2-upgrade-guide/index.html]
[soliloquywp.com/time-come-soliloquy-v2/index.html]
[soliloquywp.com/soliloquy-v2-underway-heres-expect/index.html]
[soliloquywp.com/emails-license-keys/index.html]
[soliloquywp.com/category/tutorials/index.html]
[soliloquywp.com/wp-content/plugins/disqus-comment-system/media/js/countf9b8.js]
[soliloquywp.com/category/announcements/page/3/index.html]
[soliloquywp.com/category/announcements/page/8/index.html]
[soliloquywp.com/wp-content/uploads/2014/08/Screenshot-2014-08-18-12.48.07.png]
[soliloquywp.com/category/tutorials/page/2/index.html]
[soliloquywp.com/wp-content/uploads/2014/08/Screenshot-2014-08-18-12.48.21.png]
[soliloquywp.com/wp-content/uploads/2014/08/Screenshot-2014-08-18-12.49.05.png]
[soliloquywp.com/how-to-import-and-export-wordpress-sliders/index.html]
[soliloquywp.com/wp-content/uploads/2014/08/Screenshot-2014-08-18-12.49.28.png]
[soliloquywp.com/docs/index.html]
[soliloquywp.com/wp-content/uploads/2014/08/Screenshot-2014-08-13-16.36.50.png]
[soliloquywp.com/docs/verifying-your-license/index.html]
[soliloquywp.com/wp-content/uploads/2014/08/Screenshot-2014-08-13-16.01.25-1024x743.png]
[soliloquywp.com/wp-content/uploads/2014/08/Screenshot-2014-08-13-16.01.51-1024x572.png]
[soliloquywp.com/docs/activate-addons/index.html]
[soliloquywp.com/wp-content/uploads/2014/08/Screenshot-2014-08-13-16.02.06.png]
[soliloquywp.com/wp-content/uploads/2014/08/Screenshot-2014-08-13-16.02.25.png]
[soliloquywp.com/wp-content/uploads/2014/08/Screenshot-2014-08-13-16.03.07.png]
[soliloquywp.com/create-instagram-wordpress-slider-using-soliloquy/index.html]
[soliloquywp.com/wp-content/uploads/2014/08/Screenshot-2014-08-13-16.08.26.png]
[soliloquywp.com/wp-content/uploads/2014/04/schedule.jpg]
[soliloquywp.com/wp-content/uploads/2014/05/Soliloquy-—-Schedule-Tab.png]
[soliloquywp.com/wp-content/uploads/2014/05/Soliloquy-—-Set-Schedule.png]
[soliloquywp.com/schedule-wordpress-slider-images-using-soliloquy/index.html]
[soliloquywp.com/wp-content/uploads/2014/05/Soliloquy-—-Schedule-Slides.png]
[soliloquywp.com/wp-content/uploads/2014/08/Screenshot-2014-08-08-16.15.57.png]
[soliloquywp.com/wp-content/uploads/2014/08/Screenshot-2014-08-08-15.36.36.png]
[soliloquywp.com/wp-content/uploads/2014/08/Screenshot-2014-08-08-15.37.08.png]
[soliloquywp.com/docs/css-addon/index.html]
[soliloquywp.com/add-theme-wordpress-slider-using-soliloquy/index.html]
[soliloquywp.com/wp-content/uploads/2014/08/Screenshot-2014-08-04-19.24.59.png]
[soliloquywp.com/wp-content/uploads/2014/08/Screenshot-2014-08-04-19.41.03.png]
[soliloquywp.com/make-pinterest-wordpress-image-slider-using-soliloquy/index.html]
[soliloquywp.com/blog/page/3/index.html]
[soliloquywp.com/updates-around-christmas/index.html]
[soliloquywp.com/blog/page/10/index.html]
[soliloquywp.com/blog/page/9/index.html]
[soliloquywp.com/affiliates/index.html]
[soliloquywp.com/whats-on-the-plate-for-soliloquy/index.html]
[soliloquywp.com/soliloquy-is-here/index.html]
[soliloquywp.com/wp-content/themes/soliloquy-v3/css/prettifyf9b8.css]
[soliloquywp.com/blog/page/5/index.html]
[soliloquywp.com/blog/page/8/index.html]
[soliloquywp.com/wp-content/uploads/2013/03/dynamic-settings.jpg]
[soliloquywp.com/docs/installation/index.html]
[soliloquywp.com/affiliates/terms-and-conditions/index.html]
[soliloquywp.com/wp-content/themes/soliloquy-v3/js/toc8a54.js]
[soliloquywp.com/docs/creating-your-first-slider/index.html]
[soliloquywp.com/docs/html-structure/index.html]
[soliloquywp.com/wp-content/themes/soliloquy-v3/js/prettify8a54.js]
[soliloquywp.com/docs/dynamic-addon/index.html]
[soliloquywp.com/docs/debugging-soliloquy/index.html]
[soliloquywp.com/docs/positioning-your-slider/index.html]
[soliloquywp.com/docs/getting-support-soliloquy/index.html]
[soliloquywp.com/docs/white-label-soliloquy/index.html]
[soliloquywp.com/docs/limit-soliloquy-to-admin-users-only/index.html]
[pinterest.com/pin/create/button/index29b7.html]
[soliloquywp.com/docs/how-to-add-videos-to-soliloquy/index.html]
[pinterest.com/pin/create/button/index5c50.html]
[soliloquywp.com/docs/guide-to-styling-soliloquy-with-css/index.html]
[pinterest.com/pin/create/button/index6921.html]
[soliloquywp.com/docs/remove-the-default-caption-background/index.html]
[pinterest.com/pin/create/button/index3e78.html]
[soliloquywp.com/docs/center-the-slider-navigation-bullets/index.html]
[pinterest.com/pin/create/button/index4307.html]
[soliloquywp.com/docs/position-image-and-caption-side-by-side/index.html]
[soliloquywp.com/docs/customize-the-soliloquy-caption/index.html]
[soliloquywp.com/docs/how-to-always-display-navigation-arrows/index.html]
[soliloquywp.com/docs/display-caption-on-hover/index.html]
[soliloquywp.com/docs/show-slider-navigation-bullets-on-hover/index.html]
[soliloquywp.com/wp-content/uploads/2014/07/Soliloquy-—-Config-Menu.png]
[soliloquywp.com/docs/add-metabox-support-posts-pages/index.html]
[soliloquywp.com/docs/display-captions-small-screens/index.html]
[soliloquywp.com/docs/add-links-slides/index.html]
[soliloquywp.com/wp-content/uploads/2014/07/Soliloquy-—-Autostart.png]
[soliloquywp.com/docs/modify-soliloquy-setting-defaults/index.html]
[soliloquywp.com/docs/add-ssl-support-soliloquy-images/index.html]
[soliloquywp.com/docs/display-caption-slider/index.html]
[soliloquywp.com/docs/create-wordpress-slider-widget/index.html]
[soliloquywp.com/docs/import-export-sliders/index.html]
[soliloquywp.com/wp-content/uploads/2014/07/Soliloquy-—-Slider-Play-Options.png]
[soliloquywp.com/docs/dynamically-set-the-starting-slide/index.html]
[soliloquywp.com/docs/add-image-dimensions-to-slide-output/index.html]
[soliloquywp.com/wp-content/uploads/2014/07/Soliloquy-—-Slider-Rotate-Options.png]
[soliloquywp.com/docs/center-and-scale-varying-image-sizes/index.html]
[soliloquywp.com/docs/sliders-based-on-day-of-the-week/index.html]
[soliloquywp.com/wp-content/uploads/2014/07/Soliloquy-—-Update-Slider.png]
[soliloquywp.com/docs/display-fallback-slider/index.html]
[soliloquywp.com/docs/set-a-default-caption/index.html]
[soliloquywp.com/docs/change-control-navigation-title-image/index.html]
[soliloquywp.com/make-wordpress-slider-autoplay/index.html]
[soliloquywp.com/docs/autoload-images-lightbox-lightbox-addon/index.html]
[soliloquywp.com/docs/set-default-slider-dimensions/index.html]
[soliloquywp.com/docs/fade-the-caption-in-and-out/index.html]
[soliloquywp.com/docs/add-custom-html-slides/index.html]
[soliloquywp.com/docs/add-relnofollow-image-links/index.html]
[soliloquywp.com/docs/force-slider-autoplay-user-interaction/index.html]
[soliloquywp.com/docs/appending-custom-slides-to-your-slider/index.html]
[soliloquywp.com/docs/force-autoplay-slider-interaction/index.html]
[soliloquywp.com/docs/autoplay-youtube-videos-on-display/index.html]
[soliloquywp.com/docs/autoload-slider-lightbox-gallery/index.html]
[soliloquywp.com/wp-content/uploads/2014/07/WordPress-carousel-slider-1024x466.png]
[soliloquywp.com/docs/autoplay-vimeo-videos-on-display/index.html]
[soliloquywp.com/create-wordpress-carousel-slider-soliloquy/index.html]
[soliloquywp.com/docs/transform-slider-into-whatever-you-want/index.html]
[soliloquywp.com/docs/custom-field-queries-featured-content-addon/index.html]
[soliloquywp.com/docs/autoplay-wistia-videos-display/index.html]
[soliloquywp.com/wp-content/uploads/2014/06/Soliloquy-Thumbnails-Tab-1024x466.png]
[soliloquywp.com/docs/instagram-addon/index.html]
[soliloquywp.com/wordpress-slider-thumbnails-using-soliloquy/index.html]
[soliloquywp.com/docs/pinterest-addon/index.html]
[soliloquywp.com/author/thomas-griffin/index.html]
[soliloquywp.com/docs/carousel-addon/index.html]
[soliloquywp.com/docs/featured-content-addon/index.html]
[soliloquywp.com/docs/schedule-addon/index.html]
[soliloquywp.com/wp-content/uploads/2014/06/Widget-Menu-02-1024x465.png]
[soliloquywp.com/docs/lightbox-addon/index.html]
[soliloquywp.com/wp-content/uploads/2014/06/Soliloquy-Widget-1024x466.png]
[soliloquywp.com/docs/themes-addon/index.html]
[soliloquywp.com/create-wordpress-slider-widget-soliloquy/index.html]
[soliloquywp.com/docs/thumbnails-addon/index.html]
[soliloquywp.com/category/general/index.html]
[soliloquywp.com/create-dynamic-sliders-for-wordpress-with-soliloquy/index.html]
[soliloquywp.com/wp-content/uploads/2014/06/Soliloquy-Homepage-1024x475.png]
[soliloquywp.com/wp-content/uploads/2014/06/Soliloquy-Feature-List-1024x475.png]
[soliloquywp.com/wordpress-slider-plugin/index.html]
[soliloquywp.com/wp-content/uploads/2014/06/Soliloquy-Addon-Packages-Layout-1024x474.png]
[soliloquywp.com/soliloquy-new-website-wordpress-slider-superiority/index.html]
[soliloquywp.com/instagram-slider-wordpress/index.html]
[soliloquywp.com/wp-content/uploads/2014/06/Soliloquy-New-Pricing-Table-1024x474.png]
[soliloquywp.com/features/index.html]
[soliloquywp.com/blog/page/4/index.html]
[soliloquywp.com/soliloquy-just-got-faster-much-faster/index.html]
[soliloquywp.com/category/announcements/page/2/index.html]
[soliloquywp.com/category/uncategorized/index.html]
[soliloquywp.com/introducing-schedule-addon/index.html]
[soliloquywp.com/updates-updates-updates/index.html]
[soliloquywp.com/weve-hit-100k-downloads-lets-celebrate/index.html]
[soliloquywp.com/best-responsive-wordpress-slider-introducing-soliloquy-version-2/index.html]
[soliloquywp.com/introducing-the-pinterest-addon/index.html]
[soliloquywp.com/soliloquy-v2-upgrade-guide/index.html]
[soliloquywp.com/blog/page/6/index.html]
[soliloquywp.com/july-4th-sale-updates-and-docs-galore/index.html]
[soliloquywp.com/the-thumbnails-addon-is-live-20-off-memorial-day-sale/index.html]
[soliloquywp.com/time-come-soliloquy-v2/index.html]
[soliloquywp.com/soliloquy-v2-underway-heres-expect/index.html]
[soliloquywp.com/wp-includes/images/smilies/icon_wink.gif]
[soliloquywp.com/category/announcements/page/3/index.html]
[soliloquywp.com/category/announcements/page/8/index.html]
[soliloquywp.com/category/announcements/page/4/index.html]
[soliloquywp.com/one-year-anniversary-history-and-sale/index.html]
[soliloquywp.com/category/tutorials/page/2/index.html]
[soliloquywp.com/soliloquy-1-5-0-is-finally-here/index.html]
[soliloquywp.com/introducing-soliloquy-support-tokens/index.html]
[soliloquywp.com/docs/index.html]
[soliloquywp.com/the-dynamic-addon-is-here-easter-sale/index.html]
[soliloquywp.com/st-pattys-day-sale-20-off-everything/index.html]
[soliloquywp.com/soliloquy-1-5-0-rocks-the-new-wordpress-media-manager/index.html]
[soliloquywp.com/category/announcements/page/5/index.html]
[soliloquywp.com/category/announcements/page/7/index.html]
[soliloquywp.com/wp-content/uploads/2013/01/Sv2-Settings-Screen.png]
[soliloquywp.com/category/announcements/page/6/index.html]
[soliloquywp.com/docs/page/2/index.html]
[soliloquywp.com/wp-content/uploads/2013/01/Sv2-Settings-Screen-1024x467.png]
[soliloquywp.com/wp-content/uploads/2013/01/Sv2-Successfully-Verified.png]
[soliloquywp.com/wp-content/uploads/2013/01/Sv2-Successfully-Verified-1024x466.png]
[soliloquywp.com/docs/verifying-your-license/index.html]
[soliloquywp.com/wp-content/uploads/2014/03/Soliloquy-Addons.png]
[soliloquywp.com/wp-content/uploads/2014/03/Soliloquy-Addons-1024x598.png]
[soliloquywp.com/docs/activate-addons/index.html]
[soliloquywp.com/docs/css-addon/index.html]
[soliloquywp.com/updates-around-christmas/index.html]
[soliloquywp.com/blog/page/5/index.html]
[soliloquywp.com/dynamic/index.html]
[soliloquywp.com/blog/page/9/index.html]
[soliloquywp.com/blog/page/7/index.html]
[soliloquywp.com/soliloquy-demo-is-here/index.html]
[soliloquywp.com/embedded-video-support-featured-content-more/index.html]
[soliloquywp.com/during-june-11-17-get-soliloquy-for-life-for-the-price-of-one-year/index.html]
[soliloquywp.com/whats-on-the-plate-for-soliloquy/index.html]
[soliloquywp.com/new-addon-filters/index.html]
[soliloquywp.com/soliloquy-is-here/index.html]
[soliloquywp.com/video-how-the-embedded-video-functionality-works-in-soliloquy/index.html]
[soliloquywp.com/blog/page/8/index.html]
[soliloquywp.com/soliloquy-120-released-new-addons-page/index.html]
[soliloquywp.com/thesis-2-0-and-headway-users-rejoice/index.html]
[soliloquywp.com/affiliates/terms-and-conditions/index.html]
[soliloquywp.com/25-off-fall-sale-instagram-addon/index.html]
[soliloquywp.com/new-addon-soliloquy-updates-and-updated-members-area/index.html]
[soliloquywp.com/docs/installation/index.html]
[soliloquywp.com/soliloquy-1-4-0-featured-content-examples/index.html]
[soliloquywp.com/soliloquy-is-celebrating-10k-downloads/index.html]
[soliloquywp.com/soliloquy-is-getting-a-huge-makeover/index.html]
[soliloquywp.com/the-featured-content-addon-and-the-content-addon-api/index.html]
[soliloquywp.com/wp-content/uploads/2013/01/Sv2—Add-New-Gallery.png]
[soliloquywp.com/wp-content/uploads/2013/01/Sv2—Add-New-Gallery-1024x467.png]
[soliloquywp.com/wp-content/uploads/2013/01/Sv2—Title-Your-Gallery.png]
[soliloquywp.com/wp-content/uploads/2013/01/Sv2—Title-Your-Gallery-1024x466.png]
[soliloquywp.com/wp-content/uploads/2013/01/Sv2—Select-Desired-Images.png]
[soliloquywp.com/wp-content/uploads/2013/01/Sv2—Select-Desired-Images-1024x467.png]
[soliloquywp.com/wp-content/uploads/2013/01/Sv2—Edit-Image-Metadata-01.png]
[soliloquywp.com/wp-content/uploads/2013/01/Sv2—Edit-Image-Metadata-01-1024x466.png]
[soliloquywp.com/wp-content/uploads/2013/01/Sv2—Edit-Image-Metadata-03.png]
[soliloquywp.com/wp-content/uploads/2013/01/Sv2—Edit-Image-Metadata-03-1024x465.png]
[soliloquywp.com/wp-content/uploads/2013/01/Sv2—Config-01.png]
[soliloquywp.com/wp-content/uploads/2013/01/Sv2—Config-01-1024x467.png]
[soliloquywp.com/wp-content/uploads/2013/01/Sv2—Custom-CSS.png]
[soliloquywp.com/docs/creating-your-first-slider/index.html]
[soliloquywp.com/docs/html-structure/index.html]
[soliloquywp.com/wp-content/uploads/2013/01/Sv2—Custom-CSS-1024x468.png]
[soliloquywp.com/wp-content/uploads/2013/01/Sv2-Slider-Position.png]
[soliloquywp.com/wp-content/uploads/2013/01/Sv2-Slider-Position-1024x467.png]
[soliloquywp.com/docs/positioning-your-slider/index.html]
[soliloquywp.com/docs/debugging-soliloquy/index.html]
[soliloquywp.com/wp-content/uploads/2014/02/Soliloquy-V1-How-To-Find-Email-Support.png]
[soliloquywp.com/wp-content/uploads/2014/02/Soliloquy-V1-How-To-Find-Email-Support-1024x574.png]
[soliloquywp.com/wp-content/uploads/2014/02/Soliloquy-V1-Email-Support-1.png]
[soliloquywp.com/wp-content/uploads/2014/02/Soliloquy-V1-Email-Support-1-1024x573.png]
[soliloquywp.com/wp-content/uploads/2014/02/Soliloquy-V1-Email-Support-Ticket-2.png]
[soliloquywp.com/docs/getting-support-soliloquy/index.html]
[soliloquywp.com/docs/limit-soliloquy-to-admin-users-only/index.html]
[soliloquywp.com/docs/white-label-soliloquy/index.html]
[soliloquywp.com/docs/center-the-slider-navigation-bullets/index.html]
[soliloquywp.com/docs/guide-to-styling-soliloquy-with-css/index.html]
[soliloquywp.com/wp-content/uploads/2014/02/Soliloquy-V1-Email-Support-Ticket-2-1024x573.png]
[soliloquywp.com/wp-content/uploads/2013/04/OM-Video-–-New-Slider.png]
[soliloquywp.com/wp-content/uploads/2013/04/OM-Video-–-New-Slider-1024x468.png]
[soliloquywp.com/wp-content/uploads/2013/04/OM-—-Add-Video-Slide.png]
[soliloquywp.com/wp-content/uploads/2013/04/OM-—-Add-Video-Slide-1024x466.png]
[soliloquywp.com/wp-content/uploads/2013/04/OM-—-Video-—-Completed-Form.png]
[soliloquywp.com/wp-content/uploads/2013/04/OM-—-Video-—-Completed-Form-1024x466.png]
[soliloquywp.com/wp-content/uploads/2013/04/OM-—-Video-—-Slide-Added.png]
[soliloquywp.com/wp-content/uploads/2013/04/OM-—-Video-—-Slide-Added-1024x467.png]
[soliloquywp.com/wp-content/uploads/2013/04/OM-—-Video-Published-on-Post.png]
[soliloquywp.com/wp-content/uploads/2013/04/OM-—-Video-Published-on-Post-1024x467.png]
[soliloquywp.com/docs/how-to-add-videos-to-soliloquy/index.html]
[soliloquywp.com/docs/remove-the-default-caption-background/index.html]
[soliloquywp.com/docs/position-image-and-caption-side-by-side/index.html]
[soliloquywp.com/docs/customize-the-soliloquy-caption/index.html]
[soliloquywp.com/docs/how-to-always-display-navigation-arrows/index.html]
[soliloquywp.com/docs/display-caption-on-hover/index.html]
[soliloquywp.com/docs/show-slider-navigation-bullets-on-hover/index.html]
[soliloquywp.com/docs/add-metabox-support-posts-pages/index.html]
[soliloquywp.com/docs/display-captions-small-screens/index.html]
[soliloquywp.com/wp-content/uploads/2013/04/OM-Video-Image.png]
[soliloquywp.com/wp-content/uploads/2014/05/Sv2-—-Hyperlink-1.png]
[soliloquywp.com/wp-content/uploads/2014/05/Sv2-—-Hyperlink-1-1024x557.png]
[soliloquywp.com/wp-content/uploads/2014/05/Sv2-—-Hyperlink-2.png]
[soliloquywp.com/wp-content/uploads/2014/05/Sv2-—-Hyperlink-2-1024x532.png]
[soliloquywp.com/docs/add-links-slides/index.html]
[soliloquywp.com/docs/modify-soliloquy-setting-defaults/index.html]
[soliloquywp.com/docs/add-ssl-support-soliloquy-images/index.html]
[soliloquywp.com/docs/display-caption-slider/index.html]
[soliloquywp.com/docs/create-wordpress-slider-widget/index.html]
[soliloquywp.com/docs/import-export-sliders/index.html]
[soliloquywp.com/docs/sliders-based-on-day-of-the-week/index.html]
[soliloquywp.com/docs/dynamically-set-the-starting-slide/index.html]
[soliloquywp.com/docs/add-image-dimensions-to-slide-output/index.html]
[soliloquywp.com/docs/center-and-scale-varying-image-sizes/index.html]
[soliloquywp.com/docs/display-fallback-slider/index.html]
[soliloquywp.com/docs/set-a-default-caption/index.html]
[soliloquywp.com/docs/fade-the-caption-in-and-out/index.html]
[soliloquywp.com/docs/change-control-navigation-title-image/index.html]
[soliloquywp.com/docs/autoload-images-lightbox-lightbox-addon/index.html]
[soliloquywp.com/docs/set-default-slider-dimensions/index.html]
[soliloquywp.com/docs/add-custom-html-slides/index.html]
[soliloquywp.com/docs/add-relnofollow-image-links/index.html]
[soliloquywp.com/docs/force-autoplay-slider-interaction/index.html]
[soliloquywp.com/docs/force-slider-autoplay-user-interaction/index.html]
[soliloquywp.com/docs/appending-custom-slides-to-your-slider/index.html]
[soliloquywp.com/docs/autoplay-youtube-videos-on-display/index.html]
[soliloquywp.com/docs/autoload-slider-lightbox-gallery/index.html]
[soliloquywp.com/docs/autoplay-vimeo-videos-on-display/index.html]
[soliloquywp.com/docs/transform-slider-into-whatever-you-want/index.html]
[soliloquywp.com/docs/custom-field-queries-featured-content-addon/index.html]
[soliloquywp.com/docs/autoplay-wistia-videos-display/index.html]
[soliloquywp.com/docs/instagram-addon/index.html]
[soliloquywp.com/docs/pinterest-addon/index.html]
[soliloquywp.com/docs/featured-content-addon/index.html]
[soliloquywp.com/docs/carousel-addon/index.html]
[soliloquywp.com/docs/schedule-addon/index.html]
[soliloquywp.com/docs/lightbox-addon/index.html]
[soliloquywp.com/docs/thumbnails-addon/index.html]
[soliloquywp.com/docs/themes-addon/index.html]
[soliloquywp.com/wp-content/uploads/2014/06/Screenshot-2014-07-22-13.45.06-1024x719.png]
[www.pinterest.com/pin/create/button/index8ba0.html]
[www.pinterest.com/pin/create/button/indexb41e.html]
[www.pinterest.com/pin/create/button/index9556.html]
[www.pinterest.com/pin/create/button/index3b25.html]
[www.pinterest.com/pin/create/button/index1b76.html]
[soliloquywp.com/create-dynamic-sliders-for-wordpress-with-soliloquy/index.html]
[soliloquywp.com/wordpress-slider-plugin/index.html]
[soliloquywp.com/features/index.html]
[soliloquywp.com/wp-content/uploads/2013/03/wordpress-slider-plugin.png]
[soliloquywp.com/soliloquy-just-got-faster-much-faster/index.html]
[soliloquywp.com/category/uncategorized/index.html]
[soliloquywp.com/updates-updates-updates/index.html]
[soliloquywp.com/weve-hit-100k-downloads-lets-celebrate/index.html]
[soliloquywp.com/wp-includes/images/smilies/icon_sad.gif]
[soliloquywp.com/introducing-the-pinterest-addon/index.html]
[soliloquywp.com/wp-content/uploads/2013/08/pinterest-addon.png]
[soliloquywp.com/july-4th-sale-updates-and-docs-galore/index.html]
[soliloquywp.com/the-thumbnails-addon-is-live-20-off-memorial-day-sale/index.html]
[soliloquywp.com/blog/page/6/index.html]
[soliloquywp.com/category/announcements/page/4/index.html]
[soliloquywp.com/introducing-the-soliloquy-showcase/index.html]
[soliloquywp.com/lets-celebrate-new-addons-with-a-20-off-sale/index.html]
[soliloquywp.com/last-day-to-get-soliloquy-20-off-for-valentines-day/index.html]
[soliloquywp.com/wp-includes/images/smilies/icon_razz.gif]
[soliloquywp.com/soliloquy-1-5-0-is-finally-here/index.html]
[soliloquywp.com/introducing-soliloquy-support-tokens/index.html]
[soliloquywp.com/one-year-anniversary-history-and-sale/index.html]
[soliloquywp.com/the-dynamic-addon-is-here-easter-sale/index.html]
[soliloquywp.com/st-pattys-day-sale-20-off-everything/index.html]
[soliloquywp.com/soliloquy-1-5-0-rocks-the-new-wordpress-media-manager/index.html]
[soliloquywp.com/category/announcements/page/5/index.html]
[soliloquywp.com/say-hello-to-the-themes-addon/index.html]
[soliloquywp.com/soliloquy-v1-4-9-introduces-loading-icons-looking-ahead/index.html]
[soliloquywp.com/category/announcements/page/7/index.html]
[soliloquywp.com/introducing-the-soliloquy-crop-addon/index.html]
[soliloquywp.com/reflecting-on-2012-and-looking-ahead-to-2013/index.html]
[soliloquywp.com/category/announcements/page/6/index.html]
[soliloquywp.com/docs/page/2/index.html]
[soliloquywp.com/soliloquy-pricing-structure-change-lifetime-for-everyone/index.html]
[soliloquywp.com/dynamic/index.html]
[soliloquywp.com/blog/page/7/index.html]
[soliloquywp.com/video-how-the-embedded-video-functionality-works-in-soliloquy/index.html]
[soliloquywp.com/docs/page/3/index.html]
[soliloquywp.com/thanksgiving-sale-get-25-off-everything/index.html]
[soliloquywp.com/wp-content/uploads/2012/06/embeddedvideo.jpg]
[soliloquywp.com/integration-with-wordpress-3-5-looking-ahead/index.html]
[soliloquywp.com/wp-content/uploads/2012/06/muRys.png]
[soliloquywp.com/embedded-video-support-featured-content-more/index.html]
[soliloquywp.com/during-june-11-17-get-soliloquy-for-life-for-the-price-of-one-year/index.html]
[soliloquywp.com/new-addon-filters/index.html]
[soliloquywp.com/soliloquy-120-released-new-addons-page/index.html]
[soliloquywp.com/wp-content/uploads/2012/06/Sliders.jpg]
[soliloquywp.com/new-addon-soliloquy-updates-and-updated-members-area/index.html]
[soliloquywp.com/25-off-fall-sale-instagram-addon/index.html]
[soliloquywp.com/wp-content/uploads/2012/04/member-area.jpg]
[soliloquy.s3.amazonaws.com/extras/soliloquy-thesis-boxcfe4.zip]
[soliloquywp.com/thesis-2-0-and-headway-users-rejoice/index.html]
[soliloquy.s3.amazonaws.com/extras/soliloquy-headway-block5c4e.zip]
[soliloquywp.com/soliloquy-1-4-0-featured-content-examples/index.html]
[soliloquywp.com/wp-includes/images/smilies/icon_cool.gif]
[soliloquywp.com/the-featured-content-addon-and-the-content-addon-api/index.html]
[soliloquywp.com/soliloquy-is-celebrating-10k-downloads/index.html]
[soliloquywp.com/wp-content/uploads/2012/09/Add-New-Soliloquy-Slider-‹-Soliloquy-Test-—-WordPress-1024x507.png]
[soliloquywp.com/soliloquy-is-getting-a-huge-makeover/index.html]
[www.pinterest.com/join/index2823.html]
[www.pinterest.com/join/index83e5.html]
[www.pinterest.com/join/index7d5a.html]
[www.pinterest.com/join/indexcf05.html]
[www.pinterest.com/join/indexbba8.html]
[pinterest.com/pin/create/button/index22ca.html]
[soliloquywp.com/wp-content/uploads/2012/08/large-logo.png]
[pinterest.com/pin/create/button/index36d8.html]
[pinterest.com/pin/create/button/indexbe63.html]
[pinterest.com/pin/create/button/index2edf.html]
[pinterest.com/pin/create/button/indexc594.html]
[soliloquywp.com/introducing-the-soliloquy-showcase/index.html]
[soliloquywp.com/showcase/index.html]
[soliloquywp.com/last-day-to-get-soliloquy-20-off-for-valentines-day/index.html]
[soliloquywp.com/soliloquy-v1-4-9-introduces-loading-icons-looking-ahead/index.html]
[soliloquywp.com/lets-celebrate-new-addons-with-a-20-off-sale/index.html]
[soliloquywp.com/submit/showcase/index.html]
[soliloquywp.com/addons/crop/index.html]
[soliloquywp.com/say-hello-to-the-themes-addon/index.html]
[soliloquywp.com/introducing-the-soliloquy-crop-addon/index.html]
[soliloquywp.com/wp-includes/images/smilies/icon_biggrin.gif]
[soliloquywp.com/reflecting-on-2012-and-looking-ahead-to-2013/index.html]
[soliloquywp.com/soliloquy-pricing-structure-change-lifetime-for-everyone/index.html]
[soliloquywp.com/integration-with-wordpress-3-5-looking-ahead/index.html]
[soliloquywp.com/thanksgiving-sale-get-25-off-everything/index.html]
[soliloquywp.com/wp-content/uploads/2013/01/Edit-Soliloquy-Slider-‹-Creative-Solutions-—-WordPress-1024x501.png]
[soliloquywp.com/docs/page/3/index.html]
[www.pinterest.com/pin/create/button/index356f.html]
[www.pinterest.com/pin/create/button/index0829.html]
[soliloquywp.com/docs/page/4/index.html]
[www.pinterest.com/pin/create/button/indexcff3.html]
[www.pinterest.com/pin/create/button/index8881.html]
[www.pinterest.com/pin/create/button/index9522.html]
[soliloquywp.com/showcase/index.html]
[soliloquywp.com/submit/showcase/index.html]
[soliloquywp.com/addons/crop/index.html]
[soliloquywp.com/docs/page/4/index.html]
[www.pinterest.com/join/indexf200.html]
[www.pinterest.com/join/indexb4bb.html]
[www.pinterest.com/join/index934c.html]
[www.pinterest.com/join/index3aee.html]
[www.pinterest.com/join/indexdac7.html]
[soliloquywp.com/docs/page/5/index.html]
[soliloquywp.com/docs/page/5/index.html]
[soliloquywp.com/docs/page/6/index.html]
[soliloquywp.com/docs/page/6/index.html]
[soliloquywp.com/docs/page/7/index.html]
[soliloquywp.com/docs/page/7/index.html]
[soliloquywp.com/docs/page/8/index.html]
[soliloquywp.com/docs/page/8/index.html]
[soliloquywp.com/docs/page/9/index.html]
[soliloquywp.com/docs/page/9/index.html]
[soliloquywp.com/docs/page/10/index.html]
[soliloquywp.com/docs/page/10/index.html]
[soliloquywp.com/wp-includes/js/jquery/jquery90f9.js]
[soliloquywp.com/wp-includes/js/jquery/jquery-migrate.min1576.js]
[soliloquywp.com/wp-content/plugins/easy-digital-downloads/assets/js/edd-ajax.min6c17.js]
[use.typekit.net/hmd7rkb.js]
[soliloquywp.com/wp-content/plugins/optin-monster/assets/js/api3c94.js]
[soliloquywp.com/wp-content/themes/soliloquy-v3/fonts/glyphicons-halflings-regular.eot]
[soliloquywp.com/wp-content/uploads/2012/02/photodune-4620820-old-reliable-lock-l-1140x500_c.jpg]
[soliloquywp.com/wp-content/plugins/soliloquy/assets/css/images/holder.gif]
[soliloquywp.com/wp-content/plugins/gravityforms/images/spinner.gif]
[soliloquywp.com/wp-content/uploads/2012/02/photodune-4620820-old-reliable-lock-l.jpg]
[soliloquywp.com/wp-content/uploads/2012/02/photodune-481224-golden-retriever-standing-by-legs-of-a-woman-l.jpg]
[soliloquywp.com/wp-content/themes/soliloquy-v3/fonts/glyphicons-halflings-regular.172d41d.delayed]
[soliloquywp.com/wp-content/uploads/2012/02/photodune-4429669-concert-crowd-l.jpg]
[soliloquywp.com/wp-content/themes/soliloquy-v3/images/watchsoliloquy.png]
[soliloquywp.com/wp-content/themes/soliloquy-v3/fonts/glyphicons-halflings-regular.woff]
[soliloquywp.com/wp-content/uploads/2014/04/dynamic.png]
[soliloquywp.com/wp-content/uploads/2014/04/css.png]
[soliloquywp.com/wp-content/uploads/2014/04/schedule.png]
[soliloquywp.com/wp-content/uploads/2013/08/pinterest.png]
[soliloquywp.com/wp-content/uploads/2013/05/thumbnails.png]
[soliloquywp.com/wp-content/themes/soliloquy-v3/fonts/glyphicons-halflings-regular.174.delayed]
[soliloquywp.com/wp-content/themes/soliloquy-v3/fonts/glyphicons-halflings-regular.svg]
[soliloquywp.com/wp-content/uploads/2013/02/themes.png]
[soliloquywp.com/wp-content/themes/soliloquy-v3/css/bootstrap.min.css]
[soliloquywp.com/wp-content/uploads/2012/10/featured-content.png]
[soliloquywp.com/wp-content/uploads/2012/11/instagram.png]
[soliloquywp.com/wp-content/uploads/2012/08/carousel.png]
[soliloquywp.com/wp-content/uploads/2012/05/lightbox.png]
[netdna.bootstrapcdn.com/font-awesome/4.1.0/css/font-awesome.css]
[soliloquywp.com/wp-content/themes/soliloquy-v3/js/bootstrap.min8a54.js]
[soliloquywp.com/wp-content/themes/soliloquy-v3/images/play.png]
[netdna.bootstrapcdn.com/font-awesome/4.1.0/fonts/fontawesome-webfont862f.svg]
[soliloquywp.com/wp-content/themes/soliloquy-v3/js/soliloquy-main8a54.js]
[soliloquywp.com/wp-content/plugins/gravityforms/js/gravityformsd4c6.js]
[soliloquywp.com/wp-content/themes/soliloquy-v3/images/logo.png]
[soliloquywp.com/wp-content/plugins/gravityforms/js/jquery.json-1.3d4c6.js]
[soliloquywp.com/wp-content/plugins/soliloquy/assets/js/soliloquy7aa7.js]
[soliloquywp.com/wp-content/plugins/gravityforms/js/jquery.placeholders.2.1.1.mind4c6.js]
[soliloquywp.com/wp-content/plugins/soliloquy-pinterest/images/pinterest-gray.png]
[soliloquywp.com/wp-content/uploads/2013/08/restaurant-750x300_c.jpg]
[soliloquywp.com/wp-content/uploads/2013/08/restaurant-600x200_c.jpg]
[www.google-analytics.com/analytics.js]
[soliloquywp.com/wp-content/themes/soliloquy-v3/images/moresubscribers.png]
[soliloquywp.com/wp-content/uploads/2013/08/kitchen-600x200_c.jpg]
[soliloquywp.com/wp-content/uploads/2013/08/modern-600x200_c.jpg]
[soliloquywp.com/wp-content/uploads/2013/08/bridge-600x200_c.jpg]
[soliloquywp.com/wp-content/themes/soliloquy-v3/images/moneyback.png]
[soliloquywp.com/wp-content/uploads/2013/08/idea-600x200_c.jpg]
[soliloquywp.com/wp-content/uploads/2013/08/restaurant.jpg]
[soliloquywp.com/wp-content/themes/soliloquy-v3/images/popular.png]
[soliloquywp.com/wp-content/uploads/2013/08/kitchen.jpg]
[soliloquywp.com/wp-content/uploads/2013/08/bridge.jpg]
[soliloquywp.com/wp-content/uploads/2013/08/modern.jpg]
[soliloquywp.com/wp-content/themes/soliloquy-v3/images/lock.png]
[soliloquywp.com/wp-content/uploads/2013/08/idea.jpg]
[soliloquywp.com/wp-content/uploads/2013/05/bridge-750x300_c.jpg]
[soliloquywp.com/wp-content/uploads/2013/05/bridge-600x200_c.jpg]
[soliloquywp.com/wp-content/themes/soliloquy-v3/images/paypal.png]
[soliloquywp.com/wp-content/uploads/2013/05/idea-600x200_c.jpg]
[soliloquywp.com/wp-content/uploads/2013/05/kitchen-600x200_c.jpg]
[soliloquywp.com/wp-content/uploads/2013/05/modern-600x200_c.jpg]
[soliloquywp.com/wp-content/themes/soliloquy-v3/images/cards.png]
[soliloquywp.com/wp-content/uploads/2013/05/restaurant-600x200_c.jpg]
[soliloquywp.com/wp-content/uploads/2013/05/bridge.jpg]
[soliloquywp.com/wp-content/uploads/2013/05/idea.jpg]
[soliloquywp.com/wp-content/themes/soliloquy-v3/images/logo@2x.png]
[soliloquywp.com/wp-content/uploads/2013/05/kitchen.jpg]
[soliloquywp.com/wp-content/uploads/2013/05/modern.jpg]
[soliloquywp.com/wp-content/themes/soliloquy-v3/images/moneyback@2x.png]
[soliloquywp.com/wp-content/uploads/2013/05/restaurant.jpg]
[soliloquywp.com/wp-content/themes/soliloquy-v3/images/popular@2x.png]
[soliloquywp.com/wp-content/uploads/2013/05/idea-250x125_c.jpg]
[soliloquywp.com/wp-content/uploads/2013/01/kitchen3-750x300_c.jpg]
[soliloquywp.com/wp-content/uploads/2013/01/kitchen3-600x200_c.jpg]
[soliloquywp.com/wp-content/uploads/2013/01/restaurant3-600x200_c.jpg]
[soliloquywp.com/wp-content/themes/soliloquy-v3/images/lock@2x.png]
[soliloquywp.com/wp-content/uploads/2013/01/kitchen3.jpg]
[soliloquywp.com/wp-content/themes/soliloquy-v3/images/paypal@2x.png]
[soliloquywp.com/wp-content/uploads/2013/01/restaurant3.jpg]
[soliloquywp.com/wp-content/uploads/2013/01/idea2-246x125_c.jpg]
[soliloquywp.com/wp-includes/images/smilies/icon_smile.gif]
[soliloquywp.com/wp-content/themes/soliloquy-v3/images/cards@2x.png]
[soliloquywp.com/wp-content/uploads/2013/01/restaurant2-246x125_c.jpg]
[soliloquywp.com/wp-content/uploads/2013/01/kitchen2-246x125_c.jpg]
[soliloquywp.com/wp-content/uploads/2013/01/modern2-246x125_c.jpg]
[soliloquywp.com/wp-content/themes/soliloquy-v3/images/play@2x.png]
[soliloquywp.com/wp-content/uploads/2013/01/bridge2-246x125_c.jpg]
[soliloquywp.com/wp-content/uploads/2013/01/idea2.jpg]
[soliloquywp.com/wp-content/uploads/2013/01/restaurant2.jpg]
[soliloquywp.com/wp-content/themes/soliloquy-v3/images/mobile-logo.png]
[soliloquywp.com/wp-content/uploads/2013/01/kitchen2.jpg]
[soliloquywp.com/wp-content/uploads/2013/01/modern2.jpg]
[soliloquywp.com/wp-content/uploads/2013/01/bridge2.jpg]
[soliloquywp.com/wp-content/themes/soliloquy-v3/images/mobile-logo@2x.png]
[soliloquywp.com/wp-content/uploads/2013/01/kitchen.jpg]
[soliloquywp.com/wp-content/uploads/2013/01/kitchen-75x50_c.jpg]
[soliloquywp.com/wp-content/uploads/2013/01/kitchen-750x300_c.jpg]
[soliloquywp.com/wp-content/uploads/2013/01/kitchen-600x200_c.jpg]
[soliloquywp.com/wp-content/themes/soliloquy-v3/textures.188.delayed]
[soliloquywp.com/wp-content/uploads/2013/01/modern.jpg]
[soliloquywp.com/wp-content/themes/soliloquy-v3/sprite-8bit.png]
[soliloquywp.com/wp-content/themes/soliloquy-v3/style.css]
[soliloquywp.com/wp-content/uploads/2013/01/modern-75x50_c.jpg]
[soliloquywp.com/wp-content/uploads/2013/01/modern-600x200_c.jpg]
[soliloquywp.com/wp-content/uploads/2013/01/restaurant.jpg]
[soliloquywp.com/wp-content/uploads/2013/01/restaurant-600x200_c.jpg]
[soliloquywp.com/wp-content/uploads/2013/01/restaurant-75x50_c.jpg]
[soliloquywp.com/wp-content/uploads/2013/01/bridge.jpg]
[soliloquywp.com/wp-content/uploads/2013/01/bridge-75x50_c.jpg]
[soliloquywp.com/wp-content/uploads/2013/01/bridge-600x200_c.jpg]
[soliloquywp.com/wp-content/uploads/2013/01/idea.jpg]
[soliloquywp.com/wp-content/uploads/2013/01/idea-75x50_c.jpg]
[soliloquywp.com/wp-content/plugins/easy-digital-downloads/templates/images/xit.gif]
[soliloquywp.com/wp-content/uploads/2013/01/idea-600x200_c.jpg]
[soliloquywp.com/wp-content/plugins/easy-digital-downloads/templates/images/tick.png]
[soliloquywp.com/wp-content/plugins/easy-digital-downloads/templates/images/icons/visa.gif]
[soliloquywp.com/wp-content/plugins/soliloquy-lightbox/js/lightboxe7f3.js]
[soliloquywp.com/wp-content/plugins/floating-social-bar/images/fsb-sprite.png]
[soliloquywp.com/wp-content/plugins/floating-social-bar/js/fsbd279.js]
[soliloquywp.com/wp-content/plugins/disqus-comment-system/media/js/disqusf9b8.js]
[soliloquywp.com/wp-content/plugins/easy-digital-downloads/templates/images/icons/mastercard.gif]
[soliloquywp.com/wp-content/plugins/easy-digital-downloads/templates/images/icons/discover.gif]
[soliloquywp.com/wp-content/uploads/2014/08/Screenshot-2014-08-18-12.48.07.png]
[soliloquywp.com/wp-content/uploads/2014/08/Screenshot-2014-08-18-12.48.21.png]
[soliloquywp.com/wp-content/plugins/disqus-comment-system/media/js/countf9b8.js]
[soliloquywp.com/wp-content/uploads/2014/08/Screenshot-2014-08-18-12.49.28.png]
[soliloquywp.com/wp-content/uploads/2014/08/Screenshot-2014-08-18-12.49.05.png]
[soliloquywp.com/wp-content/plugins/easy-digital-downloads/templates/images/icons/americanexpress.gif]
[soliloquywp.com/wp-content/plugins/easy-digital-downloads/templates/edd.min6c17.css]
[soliloquywp.com/wp-content/uploads/2014/08/Screenshot-2014-08-13-16.36.50.png]
[soliloquywp.com/wp-content/uploads/2014/08/Screenshot-2014-08-13-16.01.25-1024x743.png]
[soliloquywp.com/wp-content/uploads/2014/08/Screenshot-2014-08-13-16.01.51-1024x572.png]
[soliloquywp.com/wp-content/uploads/2014/08/Screenshot-2014-08-13-16.02.06.png]
[soliloquywp.com/pricing/index.html]
[soliloquywp.com/wp-content/uploads/2014/08/Screenshot-2014-08-13-16.02.25.png]
[soliloquywp.com/wp-content/uploads/2014/08/Screenshot-2014-08-13-16.03.07.png]
[soliloquywp.com/wp-content/uploads/2014/08/Screenshot-2014-08-13-16.08.26.png]
[soliloquywp.com/wp-content/uploads/2014/04/schedule.jpg]
[soliloquywp.com/wp-content/plugins/soliloquy/assets/css/images/preloader.gif]
[soliloquywp.com/wp-content/uploads/2014/05/Soliloquy-—-Schedule-Tab.png]
[soliloquywp.com/wp-content/uploads/2014/05/Soliloquy-—-Schedule-Slides.png]
[soliloquywp.com/wp-content/uploads/2014/05/Soliloquy-—-Set-Schedule.png]
[soliloquywp.com/wp-content/plugins/soliloquy/assets/css/images/left.png]
[soliloquywp.com/wp-content/uploads/2014/08/Screenshot-2014-08-08-16.15.57.png]
[soliloquywp.com/wp-content/plugins/soliloquy/assets/css/images/right.png]
[soliloquywp.com/wp-content/uploads/2014/08/Screenshot-2014-08-08-15.36.36.png]
[soliloquywp.com/wp-content/plugins/soliloquy/assets/css/images/circle.png]
[soliloquywp.com/wp-content/uploads/2014/08/Screenshot-2014-08-04-19.24.59.png]
[soliloquywp.com/wp-content/uploads/2014/08/Screenshot-2014-08-08-15.37.08.png]
[soliloquywp.com/wp-content/uploads/2014/08/Screenshot-2014-08-04-19.41.03.png]
[soliloquywp.com/wp-content/plugins/soliloquy/assets/css/images/circle-hover.png]
[soliloquywp.com/wp-content/uploads/2013/03/dynamic-settings.jpg]
[soliloquywp.com/wp-content/plugins/soliloquy/assets/css/images/pause.png]
[soliloquywp.com/wp-content/plugins/soliloquy/assets/css/images/play.png]
[soliloquywp.com/wp-content/themes/soliloquy-v3/js/toc8a54.js]
[soliloquywp.com/wp-content/themes/soliloquy-v3/js/prettify8a54.js]
[soliloquywp.com/wp-content/plugins/soliloquy/assets/css/images/video.png]
[soliloquywp.com/wp-content/uploads/2014/07/Soliloquy-—-Autostart.png]
[soliloquywp.com/wp-content/uploads/2014/07/Soliloquy-—-Slider-Play-Options.png]
[soliloquywp.com/wp-content/uploads/2014/07/Soliloquy-—-Config-Menu.png]
[soliloquywp.com/wp-content/plugins/soliloquy/assets/css/images/preloader@2x.gif]
[soliloquywp.com/wp-content/uploads/2014/07/Soliloquy-—-Update-Slider.png]
[soliloquywp.com/wp-content/uploads/2014/07/Soliloquy-—-Slider-Rotate-Options.png]
[soliloquywp.com/wp-content/uploads/2014/07/WordPress-carousel-slider-1024x466.png]
[soliloquywp.com/wp-content/plugins/soliloquy/assets/css/images/left@2x.png]
[soliloquywp.com/wp-content/uploads/2014/06/Soliloquy-Thumbnails-Tab-1024x466.png]
[soliloquywp.com/wp-content/plugins/soliloquy/assets/css/images/right@2x.png]
[soliloquywp.com/wp-content/uploads/2014/06/Widget-Menu-02-1024x465.png]
[soliloquywp.com/wp-content/plugins/soliloquy/assets/css/images/circle@2x.png]
[soliloquywp.com/wp-content/uploads/2014/06/Soliloquy-Homepage-1024x475.png]
[soliloquywp.com/wp-content/uploads/2014/06/Soliloquy-Feature-List-1024x475.png]
[soliloquywp.com/wp-content/uploads/2014/06/Soliloquy-Widget-1024x466.png]
[soliloquywp.com/wp-content/plugins/soliloquy/assets/css/images/circle-hover@2x.png]
[soliloquywp.com/wp-content/uploads/2014/06/Soliloquy-New-Pricing-Table-1024x474.png]
[soliloquywp.com/wp-content/uploads/2014/06/Soliloquy-Addon-Packages-Layout-1024x474.png]
[soliloquywp.com/wp-includes/images/smilies/icon_wink.gif]
[soliloquywp.com/wp-content/plugins/soliloquy/assets/css/images/pause@2x.png]
[soliloquywp.com/wp-content/uploads/2013/01/Sv2-Settings-Screen.png]
[soliloquywp.com/wp-content/plugins/soliloquy/assets/css/images/play@2x.png]
[soliloquywp.com/wp-content/uploads/2013/01/Sv2-Settings-Screen-1024x467.png]
[soliloquywp.com/wp-content/plugins/soliloquy/assets/css/images/video@2x.png]
[soliloquywp.com/wp-content/plugins/soliloquy/assets/css/soliloquy7aa7.css]
[soliloquywp.com/wp-content/uploads/2013/01/Sv2-Successfully-Verified.png]
[soliloquywp.com/wp-content/uploads/2013/01/Sv2-Successfully-Verified-1024x466.png]
[soliloquywp.com/wp-content/uploads/2014/03/Soliloquy-Addons.png]
[soliloquywp.com/wp-content/uploads/2014/03/Soliloquy-Addons-1024x598.png]
[soliloquywp.com/addons/dynamic/index.html]
[soliloquywp.com/wp-content/uploads/2013/01/Sv2—Add-New-Gallery-1024x467.png]
[soliloquywp.com/wp-content/uploads/2013/01/Sv2—Add-New-Gallery.png]
[soliloquywp.com/wp-content/uploads/2013/01/Sv2—Title-Your-Gallery.png]
[soliloquywp.com/wp-content/uploads/2013/01/Sv2—Title-Your-Gallery-1024x466.png]
[soliloquywp.com/wp-content/uploads/2013/01/Sv2—Select-Desired-Images.png]
[soliloquywp.com/wp-content/uploads/2013/01/Sv2—Select-Desired-Images-1024x467.png]
[soliloquywp.com/addons/schedule/index.html]
[soliloquywp.com/wp-content/uploads/2013/01/Sv2—Edit-Image-Metadata-01.png]
[soliloquywp.com/wp-content/uploads/2013/01/Sv2—Edit-Image-Metadata-01-1024x466.png]
[soliloquywp.com/wp-content/uploads/2013/01/Sv2—Edit-Image-Metadata-03.png]
[soliloquywp.com/wp-content/uploads/2013/01/Sv2—Edit-Image-Metadata-03-1024x465.png]
[soliloquywp.com/addons/css/index.html]
[soliloquywp.com/wp-content/uploads/2013/01/Sv2—Config-01-1024x467.png]
[soliloquywp.com/wp-content/uploads/2013/01/Sv2—Custom-CSS.png]
[soliloquywp.com/wp-content/uploads/2013/01/Sv2—Custom-CSS-1024x468.png]
[soliloquywp.com/wp-content/uploads/2013/01/Sv2-Slider-Position.png]
[soliloquywp.com/wp-content/uploads/2013/01/Sv2-Slider-Position-1024x467.png]
[soliloquywp.com/addons/pinterest/index.html]
[soliloquywp.com/wp-content/uploads/2014/02/Soliloquy-V1-How-To-Find-Email-Support.png]
[soliloquywp.com/wp-content/uploads/2014/02/Soliloquy-V1-How-To-Find-Email-Support-1024x574.png]
[soliloquywp.com/wp-content/uploads/2014/02/Soliloquy-V1-Email-Support-1.png]
[soliloquywp.com/wp-content/uploads/2014/02/Soliloquy-V1-Email-Support-1-1024x573.png]
[soliloquywp.com/addons/thumbnails/index.html]
[soliloquywp.com/wp-content/uploads/2014/02/Soliloquy-V1-Email-Support-Ticket-2.png]
[soliloquywp.com/wp-content/uploads/2013/04/OM-Video-–-New-Slider.png]
[soliloquywp.com/wp-content/uploads/2014/02/Soliloquy-V1-Email-Support-Ticket-2-1024x573.png]
[soliloquywp.com/addons/themes/index.html]
[soliloquywp.com/wp-content/uploads/2013/04/OM-Video-–-New-Slider-1024x468.png]
[soliloquywp.com/wp-content/uploads/2013/04/OM-—-Add-Video-Slide.png]
[soliloquywp.com/wp-content/uploads/2013/04/OM-—-Add-Video-Slide-1024x466.png]
[soliloquywp.com/wp-content/uploads/2013/04/OM-—-Video-—-Completed-Form.png]
[soliloquywp.com/addons/instagram/index.html]
[soliloquywp.com/wp-content/uploads/2013/04/OM-—-Video-—-Completed-Form-1024x466.png]
[soliloquywp.com/wp-content/uploads/2013/04/OM-—-Video-—-Slide-Added.png]
[soliloquywp.com/wp-content/uploads/2013/04/OM-—-Video-—-Slide-Added-1024x467.png]
[soliloquywp.com/wp-content/uploads/2013/04/OM-—-Video-Published-on-Post.png]
[soliloquywp.com/addons/featured-content/index.html]
[soliloquywp.com/wp-content/uploads/2013/04/OM-—-Video-Published-on-Post-1024x467.png]
[soliloquywp.com/wp-content/uploads/2014/05/Sv2-—-Hyperlink-1.png]
[soliloquywp.com/wp-content/uploads/2014/05/Sv2-—-Hyperlink-1-1024x557.png]
[soliloquywp.com/wp-content/uploads/2013/04/OM-Video-Image.png]
[soliloquywp.com/wp-content/uploads/2014/05/Sv2-—-Hyperlink-2-1024x532.png]
[soliloquywp.com/wp-content/uploads/2014/05/Sv2-—-Hyperlink-2.png]
[soliloquywp.com/addons/carousel/index.html]
[soliloquywp.com/wp-content/uploads/2014/06/Screenshot-2014-07-22-13.45.06-1024x719.png]
[soliloquywp.com/wp-content/uploads/2013/03/wordpress-slider-plugin.png]
[soliloquywp.com/wp-includes/images/smilies/icon_sad.gif]
[soliloquywp.com/wp-content/uploads/2013/08/pinterest-addon.png]
[soliloquywp.com/addons/lightbox/index.html]
[gmpg.org/xfn/default.css]
[soliloquywp.com/wp-includes/images/smilies/icon_razz.gif]
[soliloquywp.com/wp-content/uploads/2012/06/embeddedvideo.jpg]
[soliloquywp.com/wp-content/uploads/2012/06/muRys.png]
[soliloquywp.com/wp-content/uploads/2012/06/Sliders.jpg]
[soliloquywp.com/wp-content/plugins/soliloquy/themes/classic/images/slider-arrows-horizontal.png]
[soliloquywp.com/wp-content/uploads/2012/04/member-area.jpg]
[soliloquywp.com/wp-content/plugins/soliloquy/themes/classic/images/slider-arrows-vertical.png]
[soliloquywp.com/wp-includes/images/smilies/icon_cool.gif]
[soliloquywp.com/wp-content/plugins/soliloquy/themes/classic/images/slider-dots.png]
[soliloquywp.com/wp-content/uploads/2012/09/Add-New-Soliloquy-Slider-‹-Soliloquy-Test-—-WordPress-1024x507.png]
[soliloquywp.com/wp-content/plugins/soliloquy/themes/classic/images/pause.png]
[soliloquywp.com/wp-content/uploads/2012/08/large-logo.png]
[soliloquywp.com/wp-content/plugins/soliloquy/themes/classic/images/play.png]
[soliloquywp.com/wp-includes/images/smilies/icon_biggrin.gif]
[soliloquywp.com/wp-content/uploads/2013/01/Edit-Soliloquy-Slider-‹-Creative-Solutions-—-WordPress-1024x501.png]
[soliloquywp.com/wp-content/plugins/soliloquy/themes/classic/images/slider-arrows-horizontal@2x.png]
[soliloquywp.com/wp-content/themes/soliloquy-v3/images/logo.png]
[soliloquywp.com/wp-content/plugins/soliloquy/themes/classic/images/slider-dots@2x.png]
[soliloquywp.com/wp-content/themes/soliloquy-v3/images/moneyback.png]
[soliloquywp.com/wp-content/plugins/soliloquy/themes/classic/images/slider-arrows-vertical@2x.png]
[soliloquywp.com/wp-content/plugins/soliloquy/themes/classic/images/pause@2x.png]
[soliloquywp.com/wp-content/plugins/soliloquy/themes/classic/style7aa7.css]
[soliloquywp.com/wp-content/plugins/soliloquy/themes/classic/images/play@2x.png]
[soliloquywp.com/wp-content/themes/soliloquy-v3/images/popular.png]
[pinterest.com/pin/create/button/index29b7.html]
[soliloquywp.com/wp-content/themes/soliloquy-v3/images/play.png]
[soliloquywp.com/wp-content/themes/soliloquy-v3/images/moneyback@2x.png]
[soliloquywp.com/wp-content/themes/soliloquy-v3/images/popular@2x.png]
[pinterest.com/pin/create/button/index5c50.html]
[soliloquywp.com/wp-content/themes/soliloquy-v3/images/lock@2x.png]
[soliloquywp.com/wp-content/themes/soliloquy-v3/images/paypal@2x.png]
[soliloquywp.com/wp-content/themes/soliloquy-v3/images/cards@2x.png]
[pinterest.com/pin/create/button/index6921.html]
[soliloquywp.com/wp-content/themes/soliloquy-v3/images/play@2x.png]
[soliloquywp.com/wp-content/themes/soliloquy-v3/images/mobile-logo.png]
[pinterest.com/pin/create/button/index3e78.html]
[soliloquywp.com/wp-content/themes/soliloquy-v3/images/mobile-logo@2x.png]
[soliloquywp.com/wp-content/themes/soliloquy-v3/sprite-8bit.png]
[pinterest.com/pin/create/button/index4307.html]
[soliloquywp.com/wp-content/plugins/easy-digital-downloads/templates/images/xit.gif]
[soliloquywp.com/wp-content/plugins/easy-digital-downloads/templates/images/tick.png]
[soliloquywp.com/wp-content/plugins/easy-digital-downloads/templates/images/icons/visa.gif]
[soliloquywp.com/wp-content/plugins/soliloquy-themes/themes/metro/images/slider-arrows-horizontal.png]
[soliloquywp.com/wp-content/plugins/soliloquy-themes/themes/metro/images/slider-arrows-vertical.png]
[soliloquywp.com/wp-content/plugins/soliloquy-themes/themes/metro/images/pause-play.png]
[soliloquywp.com/wp-content/plugins/soliloquy-themes/themes/metro/images/slider-arrows-horizontal@2x.png]
[soliloquywp.com/wp-content/plugins/easy-digital-downloads/templates/images/icons/mastercard.gif]
[soliloquywp.com/wp-content/plugins/soliloquy-themes/themes/metro/images/slider-arrows-vertical@2x.png]
[soliloquywp.com/wp-content/plugins/soliloquy-themes/themes/metro/images/pause-play@2x.png]
[soliloquywp.com/wp-content/plugins/soliloquy-themes/themes/metro/images/play-play@2x.png]
[soliloquywp.com/wp-content/plugins/soliloquy-themes/themes/metro/style7aa7.css]
[soliloquywp.com/wp-content/plugins/easy-digital-downloads/templates/images/icons/discover.gif]
[soliloquywp.com/wp-content/plugins/easy-digital-downloads/templates/images/icons/americanexpress.gif]
[soliloquywp.com/wp-content/plugins/soliloquy/assets/css/images/preloader.gif]
[soliloquywp.com/wp-content/plugins/soliloquy/assets/css/images/left.png]
[soliloquywp.com/wp-content/plugins/soliloquy-lightbox/css/images/soliloquybox_sprite.png]
[soliloquywp.com/wp-content/plugins/soliloquy/assets/css/images/right.png]
[soliloquywp.com/wp-content/plugins/soliloquy-lightbox/css/images/soliloquybox_loading.gif]
[soliloquywp.com/wp-content/plugins/soliloquy-lightbox/css/images/blank.gif]
[soliloquywp.com/wp-content/plugins/soliloquy-lightbox/css/images/soliloquybox_overlay.png]
[soliloquywp.com/wp-content/plugins/soliloquy-lightbox/css/images/soliloquybox_buttons.png]
[soliloquywp.com/wp-content/plugins/soliloquy-lightbox/css/images/soliloquybox_sprite@2x.png]
[soliloquywp.com/wp-content/plugins/soliloquy-lightbox/css/lightboxe7f3.css]
[soliloquywp.com/wp-content/plugins/soliloquy-lightbox/css/images/soliloquybox_loading@2x.gif]
[soliloquywp.com/wp-content/plugins/soliloquy/assets/css/images/pause.png]
[soliloquywp.com/wp-content/plugins/soliloquy/assets/css/images/circle.png]
[soliloquywp.com/wp-content/plugins/soliloquy/assets/css/images/play.png]
[soliloquywp.com/wp-content/plugins/soliloquy/assets/css/images/preloader@2x.gif]
[soliloquywp.com/wp-content/plugins/soliloquy/assets/css/images/left@2x.png]
[soliloquywp.com/wp-content/plugins/soliloquy/assets/css/images/right@2x.png]
[soliloquywp.com/wp-content/plugins/soliloquy/assets/css/images/circle@2x.png]
[soliloquywp.com/wp-content/plugins/soliloquy/assets/css/images/circle-hover@2x.png]
[soliloquywp.com/make-wordpress-slider-autoplay/index.html]
[soliloquywp.com/wp-content/plugins/soliloquy/assets/css/images/pause@2x.png]
[soliloquywp.com/wp-content/plugins/soliloquy/assets/css/images/play@2x.png]
[soliloquywp.com/wp-content/plugins/soliloquy/assets/css/images/video@2x.png]
[soliloquywp.com/wp-content/plugins/soliloquy/themes/classic/images/slider-arrows-horizontal.png]
[soliloquywp.com/wp-content/plugins/soliloquy/themes/classic/images/slider-arrows-vertical.png]
[soliloquywp.com/wp-content/plugins/soliloquy/themes/classic/images/slider-dots.png]
[soliloquywp.com/wp-content/plugins/soliloquy/themes/classic/images/pause.png]
[soliloquywp.com/wp-content/plugins/soliloquy/themes/classic/images/play.png]
[soliloquywp.com/wp-content/plugins/soliloquy/themes/classic/images/slider-dots@2x.png]
[soliloquywp.com/wp-content/plugins/soliloquy/themes/classic/images/slider-arrows-vertical@2x.png]
[soliloquywp.com/category/tutorials/page/2/index.html]
[soliloquywp.com/wp-content/plugins/soliloquy/themes/classic/images/pause@2x.png]
[soliloquywp.com/wp-content/plugins/soliloquy/themes/classic/images/play@2x.png]
[soliloquywp.com/wp-content/plugins/soliloquy-themes/themes/metro/images/slider-arrows-horizontal.png]
[soliloquywp.com/wp-content/plugins/soliloquy-themes/themes/metro/images/slider-arrows-vertical.png]
[soliloquywp.com/wp-content/plugins/soliloquy-themes/themes/metro/images/pause-play.png]
[soliloquywp.com/docs/index.html]
[soliloquywp.com/wp-content/plugins/soliloquy-themes/themes/metro/images/slider-arrows-horizontal@2x.png]
[soliloquywp.com/wp-content/plugins/soliloquy-themes/themes/metro/images/pause-play@2x.png]
[soliloquywp.com/wp-content/plugins/soliloquy-lightbox/css/images/soliloquybox_loading.gif]
[soliloquywp.com/wp-content/plugins/soliloquy-themes/themes/metro/images/slider-arrows-vertical@2x.png]
[soliloquywp.com/wp-content/plugins/soliloquy-lightbox/css/images/blank.gif]
[soliloquywp.com/wp-content/plugins/soliloquy-lightbox/css/images/soliloquybox_overlay.png]
[soliloquywp.com/docs/css-addon/index.html]
[soliloquywp.com/wp-content/plugins/soliloquy-lightbox/css/images/soliloquybox_buttons.png]
[soliloquywp.com/wp-content/plugins/soliloquy-lightbox/css/images/soliloquybox_sprite@2x.png]
[soliloquywp.com/wp-content/plugins/soliloquy-lightbox/css/images/soliloquybox_loading@2x.gif]
[soliloquywp.com/updates-around-christmas/index.html]
[soliloquywp.com/wp-content/themes/soliloquy-v3/css/prettifyf9b8.css]
[soliloquywp.com/create-dynamic-sliders-for-wordpress-with-soliloquy/index.html]
[soliloquywp.com/features/index.html]
[soliloquywp.com/soliloquy-1-5-0-is-finally-here/index.html]
[soliloquywp.com/dynamic/index.html]
[soliloquywp.com/blog/page/7/index.html]
[soliloquywp.com/wp-content/uploads/2013/01/Sv2—Config-01.png]
[www.pinterest.com/join/index2823.html]
[pinterest.com/pin/create/button/index22ca.html]
[soliloquywp.com/reflecting-on-2012-and-looking-ahead-to-2013/index.html]
[www.pinterest.com/pin/create/button/index356f.html]
[soliloquywp.com/docs/page/4/index.html]
[soliloquywp.com/wp-content/themes/soliloquy-v3/fonts/glyphicons-halflings-regular.html]
[soliloquywp.com/wp-content/themes/soliloquy-v3/fonts/glyphicons-halflings-regulard41d.html]
[soliloquywp.com/wp-content/themes/soliloquy-v3/fonts/glyphicons-halflings-regular-2.html]
[soliloquywp.com/wp-content/themes/soliloquy-v3/fonts/glyphicons-halflings-regular-3.html]
[soliloquywp.com/wp-content/themes/soliloquy-v3/fonts/glyphicons-halflings-regular-4.html]
[netdna.bootstrapcdn.com/font-awesome/4.1.0/fonts/fontawesome-webfont862f.svg]
[soliloquywp.com/wp-content/themes/soliloquy-v3/images/moresubscribers.html]
[soliloquywp.com/wp-content/themes/soliloquy-v3/textures.html]
[soliloquywp.com/wp-content/plugins/easy-digital-downloads/templates/fonts/EDD-Icons.html]
[soliloquywp.com/wp-content/plugins/easy-digital-downloads/templates/fonts/EDD-Iconsd41d.html]
[soliloquywp.com/wp-content/plugins/easy-digital-downloads/templates/fonts/EDD-Icons-2.html]
[soliloquywp.com/wp-content/plugins/easy-digital-downloads/templates/fonts/EDD-Icons-3.html]
[soliloquywp.com/wp-content/plugins/easy-digital-downloads/templates/fonts/EDD-Icons.svg]
[soliloquywp.com/wp-content/plugins/soliloquy-themes/themes/metro/images/play-play@2x.html]
