[www.dirpy.com/studioc1ef.html]
[backblue.gif]
[fade.gif]
[index.html]
[www.dirpy.com/css/bootstrap.min.css]
[www.dirpy.com/css/bootstrap-timepicker.min.css]
[ajax.cloudflare.com/cdn-cgi/nexp/dok2v=919620257c/cloudflare.min.js]
[www.dirpy.com/css/style30f4.css]
[www.dirpy.com/css/font-awesome.css]
[ajax.googleapis.com/ajax/libs/jquery/1.11.0/jquery.min.js]
[www.dirpy.com/js/bootstrap.js]
[www.dirpy.com/js/bootstrap-timepicker.min.js]
[s7.addthis.com/js/300/addthis_widget.js]
[www.dirpy.com/images/logo220.png]
[www.dirpy.com/contact.html]
[www.dirpy.com/index.html]
[i.ytimg.com/vi/Gc2en3nHxA4/maxresdefault.jpg]
[www.dirpy.com/studioc1ef.html]
[www.dirpy.com/index.html]
[www.dirpy.com/contact.html]
[www.dirpy.com/images/logo.png]
[ajax.googleapis.com/ajax/libs/jquery/1.11.0/jquery.min.js]
[g2.gumgum.com/javascripts/ggv2.js]
[www.dirpy.com/js/bootstrap.js]
[www.dirpy.com/js/bootstrap-timepicker.min.js]
[s7.addthis.com/js/300/addthis_widget.js]
[www.dirpy.com/fonts/glyphicons-halflings-regular.eot]
[www.dirpy.com/fonts/glyphicons-halflings-regular.woff]
[www.dirpy.com/fonts/glyphicons-halflings-regular.svg]
[www.dirpy.com/css/bootstrap.min.css]
[www.dirpy.com/fonts/glyphicons-halflings-regular.ttf]
[www.dirpy.com/css/bootstrap-timepicker.min.css]
[www.dirpy.com/images/logo220.png]
[www.dirpy.com/css/style30f4.css]
[www.dirpy.com/images/logo.png]
[www.dirpy.com/fonts/glyphicons-halflings-regular.eot]
[www.dirpy.com/fonts/glyphicons-halflings-regular.woff]
[www.dirpy.com/fonts/glyphicons-halflings-regular.ttf]
[www.dirpy.com/fonts/glyphicons-halflings-regulard41d.eot]
[www.dirpy.com/fonts/fontawesome-webfontba72.eot]
[www.dirpy.com/fonts/fontawesome-webfontba72.svg]
[www.dirpy.com/css/font-awesome.css]
[www.dirpy.com/fonts/fontawesome-webfontd41d.eot]
[www.dirpy.com/index.html]
[www.dirpy.com/fonts/fontawesome-webfontba72.woff]
[www.dirpy.com/fonts/fontawesome-webfontd41d.eot]
[www.dirpy.com/fonts/fontawesome-webfontba72.ttf]
[www.dirpy.com/fonts/fontawesome-webfontba72.woff]
[www.dirpy.com/contact.html]
[www.dirpy.com/fonts/fontawesome-webfontba72.ttf]
[cdn.doubleverify.com/dvtp_src7fe1.js]
[g2.gumgum.com/javascripts/ggv2.js]
[www.dirpy.com/fonts/glyphicons-halflings-regular.svg]
[www.dirpy.com/fonts/fontawesome-webfontba72.svg]
[r.flite.com/syndication/uscriptf70c.js]
[cdn.digitru.st/prod/v1/dt.js]
[g2.gumgum.com/dvtp_src.1b.delayed]
[cdn.doubleverify.com/dvtp_src7fe1.js]
[g2.gumgum.com/dvtp_src.html]
